src/components/layout/Footer.tsx(1,20): error TS2305: Module '"lucide-react"' has no exported member 'Github'.
src/components/layout/Footer.tsx(1,28): error TS2305: Module '"lucide-react"' has no exported member 'Linkedin'.
src/components/layout/Footer.tsx(1,38): error TS2305: Module '"lucide-react"' has no exported member 'Twitter'.
src/pages/Dashboard.tsx(3,30): error TS6133: 'FileText' is declared but its value is never read.
src/pages/Dashboard.tsx(6,3): error TS6133: 'BarChart' is declared but its value is never read.
src/pages/Dashboard.tsx(6,13): error TS6133: 'Bar' is declared but its value is never read.
src/pages/Dashboard.tsx(6,18): error TS6133: 'XAxis' is declared but its value is never read.
src/pages/Dashboard.tsx(6,25): error TS6133: 'YAxis' is declared but its value is never read.
src/pages/Dashboard.tsx(6,32): error TS6133: 'CartesianGrid' is declared but its value is never read.
src/pages/Dashboard.tsx(10,10): error TS1484: 'MedicalData' is a type and must be imported using a type-only import when 'verbatimModuleSyntax' is enabled.
src/pages/Dashboard.tsx(10,23): error TS1484: 'PredictionResult' is a type and must be imported using a type-only import when 'verbatimModuleSyntax' is enabled.
src/pages/Dashboard.tsx(12,32): error TS1484: 'PrescriptionAdvice' is a type and must be imported using a type-only import when 'verbatimModuleSyntax' is enabled.
src/pages/Dashboard.tsx(12,32): error TS6133: 'PrescriptionAdvice' is declared but its value is never read.
src/pages/Dashboard.tsx(13,35): error TS1484: 'Hospital' is a type and must be imported using a type-only import when 'verbatimModuleSyntax' is enabled.
src/pages/PredictionForm.tsx(6,36): error TS1484: 'MedicalData' is a type and must be imported using a type-only import when 'verbatimModuleSyntax' is enabled.
src/services/aiEngine.ts(1,10): error TS1484: 'MedicalData' is a type and must be imported using a type-only import when 'verbatimModuleSyntax' is enabled.
src/services/aiEngine.ts(1,23): error TS1484: 'PredictionResult' is a type and must be imported using a type-only import when 'verbatimModuleSyntax' is enabled.
src/services/aiEngine.ts(1,41): error TS1484: 'RiskLevel' is a type and must be imported using a type-only import when 'verbatimModuleSyntax' is enabled.
src/services/pdfService.ts(3,10): error TS1484: 'MedicalData' is a type and must be imported using a type-only import when 'verbatimModuleSyntax' is enabled.
src/services/pdfService.ts(3,23): error TS1484: 'PredictionResult' is a type and must be imported using a type-only import when 'verbatimModuleSyntax' is enabled.
src/services/prescriptionService.ts(1,10): error TS1484: 'MedicalData' is a type and must be imported using a type-only import when 'verbatimModuleSyntax' is enabled.
src/services/prescriptionService.ts(1,23): error TS1484: 'PredictionResult' is a type and must be imported using a type-only import when 'verbatimModuleSyntax' is enabled.
