src/components/layout/Footer.tsx(1,20): error TS2305: Module '"lucide-react"' has no exported member 'Github'.
src/components/layout/Footer.tsx(1,28): error TS2305: Module '"lucide-react"' has no exported member 'Linkedin'.
src/components/layout/Footer.tsx(1,38): error TS2305: Module '"lucide-react"' has no exported member 'Twitter'.
